// Vitest Snapshot v1, https://vitest.dev/guide/snapshot.html

exports[`NewsList > shows skeletons when loading with no items 1`] = `
<div
  class="news-list"
>
  <article
    class="news-item news-item--skeleton"
  >
    <div
      class="news-item__media"
    >
      <div
        class="news-item__image-skeleton skeleton"
      />
    </div>
    <div
      class="news-item__content"
    >
      <div
        class="news-item__meta"
      >
        <span
          class="news-item__category-skeleton skeleton"
        />
        <span
          class="news-item__date-skeleton skeleton"
        />
      </div>
      <div
        class="news-item__title-skeleton skeleton"
      />
      <div
        class="news-item__title-skeleton skeleton"
        style="width: 75%;"
      />
      <div
        class="news-item__description-skeleton skeleton"
      />
      <div
        class="news-item__description-skeleton skeleton"
        style="width: 90%;"
      />
    </div>
  </article>
  <article
    class="news-item news-item--skeleton"
  >
    <div
      class="news-item__media"
    >
      <div
        class="news-item__image-skeleton skeleton"
      />
    </div>
    <div
      class="news-item__content"
    >
      <div
        class="news-item__meta"
      >
        <span
          class="news-item__category-skeleton skeleton"
        />
        <span
          class="news-item__date-skeleton skeleton"
        />
      </div>
      <div
        class="news-item__title-skeleton skeleton"
      />
      <div
        class="news-item__title-skeleton skeleton"
        style="width: 75%;"
      />
      <div
        class="news-item__description-skeleton skeleton"
      />
      <div
        class="news-item__description-skeleton skeleton"
        style="width: 90%;"
      />
    </div>
  </article>
  <article
    class="news-item news-item--skeleton"
  >
    <div
      class="news-item__media"
    >
      <div
        class="news-item__image-skeleton skeleton"
      />
    </div>
    <div
      class="news-item__content"
    >
      <div
        class="news-item__meta"
      >
        <span
          class="news-item__category-skeleton skeleton"
        />
        <span
          class="news-item__date-skeleton skeleton"
        />
      </div>
      <div
        class="news-item__title-skeleton skeleton"
      />
      <div
        class="news-item__title-skeleton skeleton"
        style="width: 75%;"
      />
      <div
        class="news-item__description-skeleton skeleton"
      />
      <div
        class="news-item__description-skeleton skeleton"
        style="width: 90%;"
      />
    </div>
  </article>
  <article
    class="news-item news-item--skeleton"
  >
    <div
      class="news-item__media"
    >
      <div
        class="news-item__image-skeleton skeleton"
      />
    </div>
    <div
      class="news-item__content"
    >
      <div
        class="news-item__meta"
      >
        <span
          class="news-item__category-skeleton skeleton"
        />
        <span
          class="news-item__date-skeleton skeleton"
        />
      </div>
      <div
        class="news-item__title-skeleton skeleton"
      />
      <div
        class="news-item__title-skeleton skeleton"
        style="width: 75%;"
      />
      <div
        class="news-item__description-skeleton skeleton"
      />
      <div
        class="news-item__description-skeleton skeleton"
        style="width: 90%;"
      />
    </div>
  </article>
  <article
    class="news-item news-item--skeleton"
  >
    <div
      class="news-item__media"
    >
      <div
        class="news-item__image-skeleton skeleton"
      />
    </div>
    <div
      class="news-item__content"
    >
      <div
        class="news-item__meta"
      >
        <span
          class="news-item__category-skeleton skeleton"
        />
        <span
          class="news-item__date-skeleton skeleton"
        />
      </div>
      <div
        class="news-item__title-skeleton skeleton"
      />
      <div
        class="news-item__title-skeleton skeleton"
        style="width: 75%;"
      />
      <div
        class="news-item__description-skeleton skeleton"
      />
      <div
        class="news-item__description-skeleton skeleton"
        style="width: 90%;"
      />
    </div>
  </article>
  <article
    class="news-item news-item--skeleton"
  >
    <div
      class="news-item__media"
    >
      <div
        class="news-item__image-skeleton skeleton"
      />
    </div>
    <div
      class="news-item__content"
    >
      <div
        class="news-item__meta"
      >
        <span
          class="news-item__category-skeleton skeleton"
        />
        <span
          class="news-item__date-skeleton skeleton"
        />
      </div>
      <div
        class="news-item__title-skeleton skeleton"
      />
      <div
        class="news-item__title-skeleton skeleton"
        style="width: 75%;"
      />
      <div
        class="news-item__description-skeleton skeleton"
      />
      <div
        class="news-item__description-skeleton skeleton"
        style="width: 90%;"
      />
    </div>
  </article>
</div>
`;
